Actions : (Ln 1, Col 0)
    ActionDefinition : (Ln 1, Col 0)
        Selector : (Ln 1, Col 0)
            Descendants : (Ln 1, Col 0)
                Conditions : (Ln 1, Col 0)
                    Identifier : (Ln 1, Col 0)
                        @Tarminal : (Ln 1, Col 0) "Family"
            Children : (Ln 1, Col 7)
                Conditions : (Ln 1, Col 9)
                    Identifier : (Ln 1, Col 9)
                        @Tarminal : (Ln 1, Col 9) "Name"
        Action : (Ln 1, Col 15)
            Substitution : (Ln 1, Col 15)
                Variable : (Ln 1, Col 15)
                    TargetValue : (Ln 1, Col 15)
                        ParameterName : (Ln 1, Col 22)
                            @Tarminal : (Ln 1, Col 22) "familyname"
                Expression : (Ln 1, Col 35)
                    Primary : (Ln 1, Col 35)
                        ExpTerms : (Ln 1, Col 35)
                            SimpleExpTerm : (Ln 1, Col 35)
                                ValueTerm : (Ln 1, Col 35)
                                    RootString : (Ln 1, Col 35)
                                        TypeDictionary : (Ln 1, Col 48)
                                            TypeDictItems : (Ln 1, Col 49)
                                                TypeItem : (Ln 1, Col 49)
                                                    Identifier : (Ln 1, Col 49)
                                                        @Tarminal : (Ln 1, Col 49) "Spacing"
                                                    TypeValueString : (Ln 1, Col 59)
                                                        Literal : (Ln 1, Col 59)
                                                            DoubleQuotesLiteral : (Ln 1, Col 59)
                                                                @Tarminal : (Ln 1, Col 59) """
                                                                @Tarminal : (Ln 1, Col 60) ""
                                                                @Tarminal : (Ln 1, Col 60) """
    ActionDefinition : (Ln 2, Col 0)
        Selector : (Ln 2, Col 0)
            Descendants : (Ln 2, Col 0)
                Conditions : (Ln 2, Col 0)
                    Identifier : (Ln 2, Col 0)
                        @Tarminal : (Ln 2, Col 0) "Person"
            Children : (Ln 2, Col 7)
                Conditions : (Ln 2, Col 9)
                    Identifier : (Ln 2, Col 9)
                        @Tarminal : (Ln 2, Col 9) "Name"
        Action : (Ln 2, Col 15)
            Substitution : (Ln 2, Col 15)
                Variable : (Ln 2, Col 15)
                    TargetValue : (Ln 2, Col 15)
                        ParameterName : (Ln 2, Col 22)
                            @Tarminal : (Ln 2, Col 22) "name"
                Expression : (Ln 2, Col 29)
                    Primary : (Ln 2, Col 29)
                        ExpTerms : (Ln 2, Col 29)
                            SimpleExpTerm : (Ln 2, Col 29)
                                ValueTerm : (Ln 2, Col 29)
                                    RootString : (Ln 2, Col 29)
                                        TypeDictionary : (Ln 2, Col 42)
                                            TypeDictItems : (Ln 3, Col 2)
                                                TypeItem : (Ln 3, Col 2)
                                                    Identifier : (Ln 3, Col 2)
                                                        @Tarminal : (Ln 3, Col 2) "Spacing"
                                                    TypeValueString : (Ln 3, Col 12)
                                                        Literal : (Ln 3, Col 12)
                                                            DoubleQuotesLiteral : (Ln 3, Col 12)
                                                                @Tarminal : (Ln 3, Col 12) """
                                                                @Tarminal : (Ln 3, Col 13) ""
                                                                @Tarminal : (Ln 3, Col 13) """
                                                TypeItem : (Ln 4, Col 3)
                                                    Identifier : (Ln 4, Col 3)
                                                        @Tarminal : (Ln 4, Col 3) "Tab"
                                                    TypeValueString : (Ln 4, Col 9)
                                                        Literal : (Ln 4, Col 9)
                                                            DoubleQuotesLiteral : (Ln 4, Col 9)
                                                                @Tarminal : (Ln 4, Col 9) """
                                                                @Tarminal : (Ln 4, Col 10) "\t\t\n"
                                                                @Tarminal : (Ln 4, Col 16) """
    ActionDefinition : (Ln 5, Col 0)
        Selector : (Ln 5, Col 0)
            Descendants : (Ln 5, Col 0)
                Conditions : (Ln 5, Col 0)
                    Identifier : (Ln 5, Col 0)
                        @Tarminal : (Ln 5, Col 0) "Person"
            Children : (Ln 5, Col 7)
                Conditions : (Ln 5, Col 9)
                    Identifier : (Ln 5, Col 9)
                        @Tarminal : (Ln 5, Col 9) "Age"
        Action : (Ln 5, Col 14)
            Substitution : (Ln 5, Col 14)
                Variable : (Ln 5, Col 14)
                    TargetValue : (Ln 5, Col 14)
                        ParameterName : (Ln 5, Col 21)
                            @Tarminal : (Ln 5, Col 21) "age"
                Expression : (Ln 5, Col 27)
                    Primary : (Ln 5, Col 27)
                        ExpTerms : (Ln 5, Col 27)
                            SimpleExpTerm : (Ln 5, Col 27)
                                ValueTerm : (Ln 5, Col 27)
                                    RootString : (Ln 5, Col 27)
                                        TypeDictionary : (Ln 5, Col 40)
                                            TypeDictItems : (Ln 5, Col 42)
                                                TypeItem : (Ln 5, Col 42)
                                                    Identifier : (Ln 5, Col 42)
                                                        @Tarminal : (Ln 5, Col 42) "Nodetype"
                                                    TypeValueString : (Ln 5, Col 53)
                                                        Literal : (Ln 5, Col 53)
                                                            DoubleQuotesLiteral : (Ln 5, Col 53)
                                                                @Tarminal : (Ln 5, Col 53) """
                                                                @Tarminal : (Ln 5, Col 54) "aaaaabbbb日本語"
                                                                @Tarminal : (Ln 5, Col 66) """
    _EOF : (Ln 6, Col 8)
