0 : Main : (Ln 0, Col 0)
    1 : Hoge : (Ln 1, Col 0)
        @Tarminal : (Ln 1, Col 0) "HogeHOGEhogehogeHoGe"
        0 : Spacing : (Ln 1, Col 20)
            @Tarminal : (Ln 1, Col 20) "

"
    3 : Fuga : (Ln 3, Col 0)
        @Tarminal : (Ln 3, Col 0) "FUGAFUGA"
        2 : Spacing : (Ln 3, Col 8)
            @Tarminal : (Ln 3, Col 8) "

"
    5 : Piyo : (Ln 5, Col 0)
        @Tarminal : (Ln 5, Col 0) "PIYOpiyoPIYO"
        4 : Spacing : (Ln 5, Col 12)
            @Tarminal : (Ln 5, Col 12) "
"
    6 : _EOF : (Ln 5, Col 13)
