SubDef03 : (Ln 1, Col 0)
    OddLine : (Ln 1, Col 0)
        Second : (Ln 1, Col 0)
        Content : (Ln 1, Col 0)
            Second : (Ln 1, Col 0)
            AnyWord : (Ln 1, Col 0)
                @Tarminal : (Ln 1, Col 0) "Word"
            OddLine : (Ln 1, Col 5)
                First : (Ln 1, Col 5)
                Content : (Ln 1, Col 5)
                    First : (Ln 1, Col 5)
                    Any : (Ln 1, Col 5)
                        @Tarminal : (Ln 1, Col 5) "Word Word Word"
