0 : ExPeg : (Ln 0, Col 0) : "ExPeg"
    73 : Definition : (Ln 3, Col 0) : "Definition"
        15 : DefinitionIdentifier : (Ln 4, Col 0) : "Grammar "
        72 : DefinitionExpression : (Ln 4, Col 14) : "Spacing? ( PegComment / Definition )+ _EOF "
    106 : Definition : (Ln 6, Col 0) : "Definition"
        81 : DefinitionIdentifier : (Ln 7, Col 0) : "PegComment "
        105 : DefinitionExpression : (Ln 7, Col 14) : "Comment+ Spacing "
    166 : Definition : (Ln 9, Col 0) : "Definition"
        117 : DefinitionIdentifier : (Ln 12, Col 0) : "Definition "
        165 : DefinitionExpression : (Ln 12, Col 14) : "DefinitionComment? DefinitionIdentifier Spacing? LEFTARROW DefinitionExpression "
    181 : Definition : (Ln 13, Col 0) : "Definition"
        167 : DefinitionIdentifier : (Ln 13, Col 0) : "DefinitionExpression "
        180 : DefinitionExpression : (Ln 13, Col 24) : "Expression "
    207 : Definition : (Ln 15, Col 0) : "Definition"
        188 : DefinitionIdentifier : (Ln 16, Col 0) : "DefinitionComment "
        206 : DefinitionExpression : (Ln 16, Col 21) : "Comment+ "
    261 : Definition : (Ln 18, Col 0) : "Definition"
        222 : DefinitionIdentifier : (Ln 23, Col 0) : "DefinitionIdentifier "
        260 : DefinitionExpression : (Ln 23, Col 24) : "Identifier ParameterList / Identifier "
    324 : Definition : (Ln 24, Col 0) : "Definition"
        262 : DefinitionIdentifier : (Ln 24, Col 0) : "ParameterList "
        323 : DefinitionExpression : (Ln 24, Col 17) : "COLON OPEN Parameter ( COMMA Parameter )* CLOSE "
    345 : Definition : (Ln 25, Col 0) : "Definition"
        325 : DefinitionIdentifier : (Ln 25, Col 0) : "Parameter "
        344 : DefinitionExpression : (Ln 25, Col 13) : "COMMERCIAL_AT ParameterName "
    385 : Definition : (Ln 27, Col 0) : "Definition"
        352 : DefinitionIdentifier : (Ln 28, Col 0) : "Expression "
        384 : DefinitionExpression : (Ln 28, Col 14) : "Selection / Sequence "
    428 : Definition : (Ln 29, Col 0) : "Definition"
        386 : DefinitionIdentifier : (Ln 29, Col 0) : "Selection "
        427 : DefinitionExpression : (Ln 29, Col 13) : "Sequence (SLASH Sequence)+ "
    459 : Definition : (Ln 30, Col 0) : "Definition"
        429 : DefinitionIdentifier : (Ln 30, Col 0) : "Sequence "
        458 : DefinitionExpression : (Ln 30, Col 14) : "MultiSequence / SingleSequence "
    486 : Definition : (Ln 31, Col 0) : "Definition"
        460 : DefinitionIdentifier : (Ln 31, Col 0) : "MultiSequence "
        485 : DefinitionExpression : (Ln 31, Col 17) : "Term Term+ "
    501 : Definition : (Ln 32, Col 0) : "Definition"
        487 : DefinitionIdentifier : (Ln 32, Col 0) : "SingleSequence "
        500 : DefinitionExpression : (Ln 32, Col 18) : "Term "
    547 : Definition : (Ln 34, Col 0) : "Definition"
        514 : DefinitionIdentifier : (Ln 38, Col 0) : "Term "
        546 : DefinitionExpression : (Ln 38, Col 8) : "Assignment / Prefix "
    578 : Definition : (Ln 39, Col 0) : "Definition"
        548 : DefinitionIdentifier : (Ln 39, Col 0) : "Assignment "
        577 : DefinitionExpression : (Ln 39, Col 14) : "Prefix EQUAL AssignmentVariable "
    599 : Definition : (Ln 40, Col 0) : "Definition"
        579 : DefinitionIdentifier : (Ln 40, Col 0) : "AssignmentVariable "
        598 : DefinitionExpression : (Ln 40, Col 22) : "DOLLAR_SIGN ParameterName "
    678 : Definition : (Ln 42, Col 0) : "Definition"
        623 : DefinitionIdentifier : (Ln 50, Col 0) : "Prefix "
        677 : DefinitionExpression : (Ln 50, Col 13) : "AndPrefix / NotPrefix / SkipPrefix / Suffix "
    703 : Definition : (Ln 51, Col 0) : "Definition"
        679 : DefinitionIdentifier : (Ln 51, Col 0) : "AndPrefix "
        702 : DefinitionExpression : (Ln 51, Col 13) : "AMPERSAND Suffix "
    728 : Definition : (Ln 52, Col 0) : "Definition"
        704 : DefinitionIdentifier : (Ln 52, Col 0) : "NotPrefix "
        727 : DefinitionExpression : (Ln 52, Col 13) : "EXCLAMATION Suffix "
    751 : Definition : (Ln 53, Col 0) : "Definition"
        729 : DefinitionIdentifier : (Ln 53, Col 0) : "SkipPrefix "
        750 : DefinitionExpression : (Ln 53, Col 14) : "MUCH_GREATER_THAN Suffix "
    841 : Definition : (Ln 56, Col 0) : "Definition"
        775 : DefinitionIdentifier : (Ln 64, Col 0) : "Suffix "
        840 : DefinitionExpression : (Ln 64, Col 13) : "QuestionSuffix / StarSuffix / PlusSuffix / RepeatSuffix / Primary "
    866 : Definition : (Ln 65, Col 0) : "Definition"
        842 : DefinitionIdentifier : (Ln 65, Col 0) : "QuestionSuffix "
        865 : DefinitionExpression : (Ln 65, Col 18) : "Primary QUESTION "
    891 : Definition : (Ln 66, Col 0) : "Definition"
        867 : DefinitionIdentifier : (Ln 66, Col 0) : "StarSuffix "
        890 : DefinitionExpression : (Ln 66, Col 14) : "Primary STAR "
    916 : Definition : (Ln 67, Col 0) : "Definition"
        892 : DefinitionIdentifier : (Ln 67, Col 0) : "PlusSuffix "
        915 : DefinitionExpression : (Ln 67, Col 14) : "Primary PLUS "
    943 : Definition : (Ln 68, Col 0) : "Definition"
        917 : DefinitionIdentifier : (Ln 68, Col 0) : "RepeatSuffix "
        942 : DefinitionExpression : (Ln 68, Col 16) : "Primary RepeatNum "
    1022 : Definition : (Ln 70, Col 0) : "Definition"
        944 : DefinitionIdentifier : (Ln 70, Col 0) : "RepeatNum "
        1021 : DefinitionExpression : (Ln 70, Col 13) : "CURL_OPEN MinRepeat COMMA MaxRepeat CURL_CLOSE / CURL_OPEN RepeatCnt CURL_CLOSE "
    1041 : Definition : (Ln 72, Col 0) : "Definition"
        1023 : DefinitionIdentifier : (Ln 72, Col 0) : "MinRepeat "
        1040 : DefinitionExpression : (Ln 72, Col 13) : "Number "
    1060 : Definition : (Ln 73, Col 0) : "Definition"
        1042 : DefinitionIdentifier : (Ln 73, Col 0) : "MaxRepeat "
        1059 : DefinitionExpression : (Ln 73, Col 13) : "Number "
    1075 : Definition : (Ln 74, Col 0) : "Definition"
        1061 : DefinitionIdentifier : (Ln 74, Col 0) : "RepeatCnt "
        1074 : DefinitionExpression : (Ln 74, Col 13) : "Number "
    1280 : Definition : (Ln 76, Col 0) : "Definition"
        1096 : DefinitionIdentifier : (Ln 83, Col 0) : "Primary "
        1279 : DefinitionExpression : (Ln 83, Col 13) : "RegularExp / IdentifierCall / Parameter / AssignmentValue / Identifier !LEFTARROW !COLON / OPEN Expression CLOSE / Literal "
    1360 : Definition : (Ln 91, Col 0) : "Definition"
        1293 : DefinitionIdentifier : (Ln 95, Col 0) : "IdentifierCall "
        1359 : DefinitionExpression : (Ln 95, Col 18) : "Identifier COLON OPEN Expression ( COMMA Expression )* CLOSE "
    1394 : Definition : (Ln 97, Col 0) : "Definition"
        1371 : DefinitionIdentifier : (Ln 100, Col 0) : "AssignmentValue "
        1393 : DefinitionExpression : (Ln 100, Col 19) : "DOLLAR_SIGN ParameterName "
    1470 : Definition : (Ln 105, Col 0) : "Definition"
        1409 : DefinitionIdentifier : (Ln 106, Col 0) : "RegularExp "
        1469 : DefinitionExpression : (Ln 106, Col 14) : "REGPREFIX ( SingleQuotesLiteral / DoubleQuotesLiteral ) RegularExpOptions Spacing? "
    1552 : Definition : (Ln 108, Col 0) : "Definition"
        1507 : DefinitionIdentifier : (Ln 124, Col 0) : "RegularExpOptions "
        1551 : DefinitionExpression : (Ln 124, Col 21) : "( COLON r"(m|X|A|I|S)+" )? "
    1607 : Definition : (Ln 125, Col 0) : "Definition"
        1553 : DefinitionIdentifier : (Ln 125, Col 0) : "Identifier "
        1606 : DefinitionExpression : (Ln 125, Col 14) : "( r"[a-zA-Z][a-zA-Z0-9_]*" / ENDOFFILE ) Spacing? "
    1634 : Definition : (Ln 126, Col 0) : "Definition"
        1608 : DefinitionIdentifier : (Ln 126, Col 0) : "ParameterName "
        1633 : DefinitionExpression : (Ln 126, Col 17) : "r"[a-zA-Z][a-zA-Z0-9_]*" Spacing? "
    1708 : Definition : (Ln 128, Col 0) : "Definition"
        1647 : DefinitionIdentifier : (Ln 132, Col 0) : "Literal "
        1707 : DefinitionExpression : (Ln 132, Col 11) : "( SingleQuotesLiteral / DoubleQuotesLiteral ) LiteralOption? Spacing? "
    1743 : Definition : (Ln 133, Col 0) : "Definition"
        1709 : DefinitionIdentifier : (Ln 133, Col 0) : "SingleQuotesLiteral "
        1742 : DefinitionExpression : (Ln 133, Col 23) : ""'" SingleQuotesLiteralContents "'" "
    1766 : Definition : (Ln 134, Col 0) : "Definition"
        1744 : DefinitionIdentifier : (Ln 134, Col 0) : "SingleQuotesLiteralContents "
        1765 : DefinitionExpression : (Ln 134, Col 31) : "r"(\\.|[^'\\])*" "
    1801 : Definition : (Ln 135, Col 0) : "Definition"
        1767 : DefinitionIdentifier : (Ln 135, Col 0) : "DoubleQuotesLiteral "
        1800 : DefinitionExpression : (Ln 135, Col 23) : "'"' DoubleQuotesLiteralContents '"' "
    1824 : Definition : (Ln 136, Col 0) : "Definition"
        1802 : DefinitionIdentifier : (Ln 136, Col 0) : "DoubleQuotesLiteralContents "
        1823 : DefinitionExpression : (Ln 136, Col 31) : "r'(\\.|[^"\\])*' "
    1847 : Definition : (Ln 137, Col 0) : "Definition"
        1825 : DefinitionIdentifier : (Ln 137, Col 0) : "LiteralOption "
        1846 : DefinitionExpression : (Ln 137, Col 17) : "COLON "I" "
    1883 : Definition : (Ln 139, Col 0) : "Definition"
        1854 : DefinitionIdentifier : (Ln 140, Col 0) : "Number "
        1882 : DefinitionExpression : (Ln 140, Col 10) : "r"[1-9][0-9]*" Spacing? "
    1923 : Definition : (Ln 142, Col 0) : "Definition"
        1890 : DefinitionIdentifier : (Ln 143, Col 0) : "ENDOFFILE "
        1922 : DefinitionExpression : (Ln 143, Col 13) : "'_EOF' Spacing? "
    1952 : Definition : (Ln 145, Col 0) : "Definition"
        1924 : DefinitionIdentifier : (Ln 145, Col 0) : "LEFTARROW "
        1951 : DefinitionExpression : (Ln 145, Col 13) : "'<-' Spacing? "
    1981 : Definition : (Ln 146, Col 0) : "Definition"
        1953 : DefinitionIdentifier : (Ln 146, Col 0) : "SLASH "
        1980 : DefinitionExpression : (Ln 146, Col 9) : "'/' Spacing? "
    2010 : Definition : (Ln 147, Col 0) : "Definition"
        1982 : DefinitionIdentifier : (Ln 147, Col 0) : "AMPERSAND "
        2009 : DefinitionExpression : (Ln 147, Col 13) : "'&' Spacing? "
    2039 : Definition : (Ln 148, Col 0) : "Definition"
        2011 : DefinitionIdentifier : (Ln 148, Col 0) : "EXCLAMATION "
        2038 : DefinitionExpression : (Ln 148, Col 15) : "'!' Spacing? "
    2070 : Definition : (Ln 149, Col 0) : "Definition"
        2040 : DefinitionIdentifier : (Ln 149, Col 0) : "MUCH_GREATER_THAN "
        2069 : DefinitionExpression : (Ln 149, Col 21) : "'>>' Spacing? "
    2099 : Definition : (Ln 151, Col 0) : "Definition"
        2071 : DefinitionIdentifier : (Ln 151, Col 0) : "QUESTION "
        2098 : DefinitionExpression : (Ln 151, Col 12) : "'?' Spacing? "
    2128 : Definition : (Ln 152, Col 0) : "Definition"
        2100 : DefinitionIdentifier : (Ln 152, Col 0) : "STAR "
        2127 : DefinitionExpression : (Ln 152, Col 8) : "'*' Spacing? "
    2157 : Definition : (Ln 153, Col 0) : "Definition"
        2129 : DefinitionIdentifier : (Ln 153, Col 0) : "PLUS "
        2156 : DefinitionExpression : (Ln 153, Col 8) : "'+' Spacing? "
    2186 : Definition : (Ln 154, Col 0) : "Definition"
        2158 : DefinitionIdentifier : (Ln 154, Col 0) : "OPEN "
        2185 : DefinitionExpression : (Ln 154, Col 8) : "'(' Spacing? "
    2215 : Definition : (Ln 155, Col 0) : "Definition"
        2187 : DefinitionIdentifier : (Ln 155, Col 0) : "CLOSE "
        2214 : DefinitionExpression : (Ln 155, Col 9) : "')' Spacing? "
    2245 : Definition : (Ln 156, Col 0) : "Definition"
        2216 : DefinitionIdentifier : (Ln 156, Col 0) : "CURL_OPEN "
        2244 : DefinitionExpression : (Ln 156, Col 13) : "'{' Spacing? "
    2274 : Definition : (Ln 157, Col 0) : "Definition"
        2246 : DefinitionIdentifier : (Ln 157, Col 0) : "CURL_CLOSE "
        2273 : DefinitionExpression : (Ln 157, Col 14) : "'}' Spacing? "
    2303 : Definition : (Ln 158, Col 0) : "Definition"
        2275 : DefinitionIdentifier : (Ln 158, Col 0) : "COLON "
        2302 : DefinitionExpression : (Ln 158, Col 9) : "':' Spacing? "
    2332 : Definition : (Ln 159, Col 0) : "Definition"
        2304 : DefinitionIdentifier : (Ln 159, Col 0) : "COMMA "
        2331 : DefinitionExpression : (Ln 159, Col 9) : "',' Spacing? "
    2353 : Definition : (Ln 160, Col 0) : "Definition"
        2333 : DefinitionIdentifier : (Ln 160, Col 0) : "COMMERCIAL_AT "
        2352 : DefinitionExpression : (Ln 160, Col 17) : "'@' "
    2374 : Definition : (Ln 161, Col 0) : "Definition"
        2354 : DefinitionIdentifier : (Ln 161, Col 0) : "DOLLAR_SIGN "
        2373 : DefinitionExpression : (Ln 161, Col 15) : "'$' "
    2403 : Definition : (Ln 162, Col 0) : "Definition"
        2375 : DefinitionIdentifier : (Ln 162, Col 0) : "EQUAL "
        2402 : DefinitionExpression : (Ln 162, Col 9) : "'=' Spacing? "
    2426 : Definition : (Ln 163, Col 0) : "Definition"
        2404 : DefinitionIdentifier : (Ln 163, Col 0) : "REGPREFIX "
        2425 : DefinitionExpression : (Ln 163, Col 13) : "'r' "
    2449 : Definition : (Ln 165, Col 0) : "Definition"
        2427 : DefinitionIdentifier : (Ln 165, Col 0) : "Spacing "
        2448 : DefinitionExpression : (Ln 165, Col 11) : "Space+ "
    2486 : Definition : (Ln 167, Col 0) : "Definition"
        2450 : DefinitionIdentifier : (Ln 167, Col 0) : "Comment "
        2485 : DefinitionExpression : (Ln 167, Col 11) : "'#' r"[^\r\n]*" EndOfLine "
    2534 : Definition : (Ln 168, Col 0) : "Definition"
        2487 : DefinitionIdentifier : (Ln 168, Col 0) : "Space "
        2533 : DefinitionExpression : (Ln 168, Col 9) : "' ' / '\t' / EndOfLine "
    2553 : Definition : (Ln 170, Col 0) : "Definition"
        2535 : DefinitionIdentifier : (Ln 170, Col 0) : "EndOfLine "
        2552 : DefinitionExpression : (Ln 170, Col 13) : "r"\r\n|\n|\r" "
