73 : Definition : (Ln 3, Col 0)
    14 : Identifier : (Ln 4, Col 0)
    19 : Identifier : (Ln 4, Col 14)
    32 : Identifier : (Ln 4, Col 25)
    43 : Identifier : (Ln 4, Col 38)
    65 : Identifier : (Ln 4, Col 52)
106 : Definition : (Ln 6, Col 0)
    80 : Identifier : (Ln 7, Col 0)
    85 : Identifier : (Ln 7, Col 14)
    98 : Identifier : (Ln 7, Col 23)
166 : Definition : (Ln 9, Col 0)
    116 : Identifier : (Ln 12, Col 0)
    121 : Identifier : (Ln 12, Col 14)
    131 : Identifier : (Ln 12, Col 33)
    135 : Identifier : (Ln 12, Col 54)
    145 : Identifier : (Ln 12, Col 63)
    152 : Identifier : (Ln 12, Col 73)
181 : Definition : (Ln 13, Col 0)
    158 : Identifier : (Ln 13, Col 0)
    173 : Identifier : (Ln 13, Col 24)
207 : Definition : (Ln 15, Col 0)
    187 : Identifier : (Ln 16, Col 0)
    192 : Identifier : (Ln 16, Col 21)
261 : Definition : (Ln 18, Col 0)
    221 : Identifier : (Ln 23, Col 0)
    228 : Identifier : (Ln 23, Col 24)
    234 : Identifier : (Ln 23, Col 35)
    246 : Identifier : (Ln 23, Col 51)
324 : Definition : (Ln 24, Col 0)
    252 : Identifier : (Ln 24, Col 0)
    265 : Identifier : (Ln 24, Col 17)
    271 : Identifier : (Ln 24, Col 23)
    277 : Identifier : (Ln 24, Col 28)
    286 : Identifier : (Ln 24, Col 40)
    292 : Identifier : (Ln 24, Col 46)
    310 : Identifier : (Ln 24, Col 59)
345 : Definition : (Ln 25, Col 0)
    316 : Identifier : (Ln 25, Col 0)
    328 : Identifier : (Ln 25, Col 13)
    337 : Identifier : (Ln 25, Col 27)
385 : Definition : (Ln 27, Col 0)
    351 : Identifier : (Ln 28, Col 0)
    358 : Identifier : (Ln 28, Col 14)
    370 : Identifier : (Ln 28, Col 26)
428 : Definition : (Ln 29, Col 0)
    376 : Identifier : (Ln 29, Col 0)
    389 : Identifier : (Ln 29, Col 13)
    396 : Identifier : (Ln 29, Col 23)
    400 : Identifier : (Ln 29, Col 29)
459 : Definition : (Ln 30, Col 0)
    420 : Identifier : (Ln 30, Col 0)
    432 : Identifier : (Ln 30, Col 14)
    444 : Identifier : (Ln 30, Col 30)
486 : Definition : (Ln 31, Col 0)
    450 : Identifier : (Ln 31, Col 0)
    463 : Identifier : (Ln 31, Col 17)
    467 : Identifier : (Ln 31, Col 22)
501 : Definition : (Ln 32, Col 0)
    478 : Identifier : (Ln 32, Col 0)
    493 : Identifier : (Ln 32, Col 18)
547 : Definition : (Ln 34, Col 0)
    513 : Identifier : (Ln 38, Col 0)
    520 : Identifier : (Ln 38, Col 8)
    532 : Identifier : (Ln 38, Col 21)
578 : Definition : (Ln 39, Col 0)
    538 : Identifier : (Ln 39, Col 0)
    551 : Identifier : (Ln 39, Col 14)
    557 : Identifier : (Ln 39, Col 21)
    564 : Identifier : (Ln 39, Col 27)
599 : Definition : (Ln 40, Col 0)
    570 : Identifier : (Ln 40, Col 0)
    582 : Identifier : (Ln 40, Col 22)
    591 : Identifier : (Ln 40, Col 34)
678 : Definition : (Ln 42, Col 0)
    622 : Identifier : (Ln 50, Col 0)
    629 : Identifier : (Ln 50, Col 13)
    640 : Identifier : (Ln 50, Col 25)
    651 : Identifier : (Ln 50, Col 37)
    663 : Identifier : (Ln 50, Col 50)
703 : Definition : (Ln 51, Col 0)
    669 : Identifier : (Ln 51, Col 0)
    682 : Identifier : (Ln 51, Col 13)
    689 : Identifier : (Ln 51, Col 23)
728 : Definition : (Ln 52, Col 0)
    695 : Identifier : (Ln 52, Col 0)
    707 : Identifier : (Ln 52, Col 13)
    714 : Identifier : (Ln 52, Col 25)
751 : Definition : (Ln 53, Col 0)
    720 : Identifier : (Ln 53, Col 0)
    732 : Identifier : (Ln 53, Col 14)
    743 : Identifier : (Ln 53, Col 32)
841 : Definition : (Ln 56, Col 0)
    774 : Identifier : (Ln 64, Col 0)
    781 : Identifier : (Ln 64, Col 13)
    792 : Identifier : (Ln 64, Col 30)
    803 : Identifier : (Ln 64, Col 43)
    814 : Identifier : (Ln 64, Col 56)
    826 : Identifier : (Ln 64, Col 71)
866 : Definition : (Ln 65, Col 0)
    832 : Identifier : (Ln 65, Col 0)
    845 : Identifier : (Ln 65, Col 18)
    852 : Identifier : (Ln 65, Col 26)
891 : Definition : (Ln 66, Col 0)
    858 : Identifier : (Ln 66, Col 0)
    870 : Identifier : (Ln 66, Col 14)
    877 : Identifier : (Ln 66, Col 22)
916 : Definition : (Ln 67, Col 0)
    883 : Identifier : (Ln 67, Col 0)
    895 : Identifier : (Ln 67, Col 14)
    902 : Identifier : (Ln 67, Col 22)
943 : Definition : (Ln 68, Col 0)
    908 : Identifier : (Ln 68, Col 0)
    920 : Identifier : (Ln 68, Col 16)
    929 : Identifier : (Ln 68, Col 24)
1022 : Definition : (Ln 70, Col 0)
    935 : Identifier : (Ln 70, Col 0)
    947 : Identifier : (Ln 70, Col 13)
    953 : Identifier : (Ln 70, Col 23)
    959 : Identifier : (Ln 70, Col 33)
    965 : Identifier : (Ln 70, Col 39)
    983 : Identifier : (Ln 70, Col 49)
    994 : Identifier : (Ln 71, Col 13)
    1000 : Identifier : (Ln 71, Col 23)
    1007 : Identifier : (Ln 71, Col 33)
1041 : Definition : (Ln 72, Col 0)
    1013 : Identifier : (Ln 72, Col 0)
    1027 : Identifier : (Ln 72, Col 13)
1060 : Definition : (Ln 73, Col 0)
    1033 : Identifier : (Ln 73, Col 0)
    1046 : Identifier : (Ln 73, Col 13)
1075 : Definition : (Ln 74, Col 0)
    1052 : Identifier : (Ln 74, Col 0)
    1067 : Identifier : (Ln 74, Col 13)
1280 : Definition : (Ln 76, Col 0)
    1095 : Identifier : (Ln 83, Col 0)
    1114 : Identifier : (Ln 83, Col 13)
    1137 : Identifier : (Ln 84, Col 13)
    1160 : Identifier : (Ln 85, Col 13)
    1183 : Identifier : (Ln 86, Col 13)
    1194 : Identifier : (Ln 87, Col 13)
    1201 : Identifier : (Ln 87, Col 25)
    1221 : Identifier : (Ln 87, Col 36)
    1233 : Identifier : (Ln 88, Col 13)
    1239 : Identifier : (Ln 88, Col 18)
    1257 : Identifier : (Ln 88, Col 29)
    1271 : Identifier : (Ln 89, Col 13)
1360 : Definition : (Ln 91, Col 0)
    1292 : Identifier : (Ln 95, Col 0)
    1299 : Identifier : (Ln 95, Col 18)
    1305 : Identifier : (Ln 95, Col 29)
    1311 : Identifier : (Ln 95, Col 35)
    1317 : Identifier : (Ln 95, Col 40)
    1326 : Identifier : (Ln 95, Col 53)
    1332 : Identifier : (Ln 95, Col 59)
    1352 : Identifier : (Ln 95, Col 73)
1394 : Definition : (Ln 97, Col 0)
    1370 : Identifier : (Ln 100, Col 0)
    1377 : Identifier : (Ln 100, Col 19)
    1386 : Identifier : (Ln 100, Col 31)
1470 : Definition : (Ln 105, Col 0)
    1408 : Identifier : (Ln 106, Col 0)
    1415 : Identifier : (Ln 106, Col 14)
    1424 : Identifier : (Ln 106, Col 26)
    1435 : Identifier : (Ln 106, Col 48)
    1451 : Identifier : (Ln 106, Col 70)
    1455 : Identifier : (Ln 106, Col 88)
1552 : Definition : (Ln 108, Col 0)
    1506 : Identifier : (Ln 124, Col 0)
    1516 : Identifier : (Ln 124, Col 23)
1607 : Definition : (Ln 125, Col 0)
    1544 : Identifier : (Ln 125, Col 0)
    1574 : Identifier : (Ln 125, Col 43)
    1588 : Identifier : (Ln 125, Col 55)
1634 : Definition : (Ln 126, Col 0)
    1599 : Identifier : (Ln 126, Col 0)
    1619 : Identifier : (Ln 126, Col 42)
1708 : Definition : (Ln 128, Col 0)
    1646 : Identifier : (Ln 132, Col 0)
    1656 : Identifier : (Ln 132, Col 13)
    1667 : Identifier : (Ln 132, Col 35)
    1681 : Identifier : (Ln 132, Col 57)
    1689 : Identifier : (Ln 132, Col 72)
1743 : Definition : (Ln 133, Col 0)
    1700 : Identifier : (Ln 133, Col 0)
    1720 : Identifier : (Ln 133, Col 27)
1766 : Definition : (Ln 134, Col 0)
    1735 : Identifier : (Ln 134, Col 0)
1801 : Definition : (Ln 135, Col 0)
    1758 : Identifier : (Ln 135, Col 0)
    1778 : Identifier : (Ln 135, Col 27)
1824 : Definition : (Ln 136, Col 0)
    1793 : Identifier : (Ln 136, Col 0)
1847 : Definition : (Ln 137, Col 0)
    1816 : Identifier : (Ln 137, Col 0)
    1828 : Identifier : (Ln 137, Col 17)
1883 : Definition : (Ln 139, Col 0)
    1853 : Identifier : (Ln 140, Col 0)
    1868 : Identifier : (Ln 140, Col 25)
1923 : Definition : (Ln 142, Col 0)
    1889 : Identifier : (Ln 143, Col 0)
    1902 : Identifier : (Ln 143, Col 20)
1952 : Definition : (Ln 145, Col 0)
    1915 : Identifier : (Ln 145, Col 0)
    1933 : Identifier : (Ln 145, Col 18)
1981 : Definition : (Ln 146, Col 0)
    1944 : Identifier : (Ln 146, Col 0)
    1962 : Identifier : (Ln 146, Col 13)
2010 : Definition : (Ln 147, Col 0)
    1973 : Identifier : (Ln 147, Col 0)
    1991 : Identifier : (Ln 147, Col 17)
2039 : Definition : (Ln 148, Col 0)
    2002 : Identifier : (Ln 148, Col 0)
    2020 : Identifier : (Ln 148, Col 19)
2070 : Definition : (Ln 149, Col 0)
    2031 : Identifier : (Ln 149, Col 0)
    2049 : Identifier : (Ln 149, Col 26)
2099 : Definition : (Ln 151, Col 0)
    2062 : Identifier : (Ln 151, Col 0)
    2080 : Identifier : (Ln 151, Col 16)
2128 : Definition : (Ln 152, Col 0)
    2091 : Identifier : (Ln 152, Col 0)
    2109 : Identifier : (Ln 152, Col 12)
2157 : Definition : (Ln 153, Col 0)
    2120 : Identifier : (Ln 153, Col 0)
    2138 : Identifier : (Ln 153, Col 12)
2186 : Definition : (Ln 154, Col 0)
    2149 : Identifier : (Ln 154, Col 0)
    2167 : Identifier : (Ln 154, Col 12)
2215 : Definition : (Ln 155, Col 0)
    2178 : Identifier : (Ln 155, Col 0)
    2196 : Identifier : (Ln 155, Col 13)
2245 : Definition : (Ln 156, Col 0)
    2207 : Identifier : (Ln 156, Col 0)
    2226 : Identifier : (Ln 156, Col 18)
2274 : Definition : (Ln 157, Col 0)
    2237 : Identifier : (Ln 157, Col 0)
    2255 : Identifier : (Ln 157, Col 18)
2303 : Definition : (Ln 158, Col 0)
    2266 : Identifier : (Ln 158, Col 0)
    2284 : Identifier : (Ln 158, Col 13)
2332 : Definition : (Ln 159, Col 0)
    2295 : Identifier : (Ln 159, Col 0)
    2313 : Identifier : (Ln 159, Col 13)
2353 : Definition : (Ln 160, Col 0)
    2324 : Identifier : (Ln 160, Col 0)
2374 : Definition : (Ln 161, Col 0)
    2345 : Identifier : (Ln 161, Col 0)
2403 : Definition : (Ln 162, Col 0)
    2366 : Identifier : (Ln 162, Col 0)
    2384 : Identifier : (Ln 162, Col 13)
2426 : Definition : (Ln 163, Col 0)
    2395 : Identifier : (Ln 163, Col 0)
2449 : Definition : (Ln 165, Col 0)
    2418 : Identifier : (Ln 165, Col 0)
    2428 : Identifier : (Ln 165, Col 11)
2486 : Definition : (Ln 167, Col 0)
    2441 : Identifier : (Ln 167, Col 0)
    2472 : Identifier : (Ln 167, Col 27)
2534 : Definition : (Ln 168, Col 0)
    2478 : Identifier : (Ln 168, Col 0)
    2519 : Identifier : (Ln 168, Col 22)
2553 : Definition : (Ln 170, Col 0)
    2525 : Identifier : (Ln 170, Col 0)
