Definition : (3, 0 - 6, 0 : 23 - 92) : {}
    Identifier : (4, 0 - 4, 11 : 34 - 45) : {}
    Identifier : (4, 14 - 4, 21 : 48 - 55) : {}
    Identifier : (4, 25 - 4, 36 : 59 - 70) : {}
    Identifier : (4, 38 - 4, 49 : 72 - 83) : {}
    Identifier : (4, 52 - 6, 0 : 86 - 92) : {}
Definition : (6, 0 - 9, 0 : 92 - 140) : {}
    Identifier : (7, 0 - 7, 11 : 108 - 119) : {}
    Identifier : (7, 14 - 7, 21 : 122 - 129) : {}
    Identifier : (7, 23 - 9, 0 : 131 - 140) : {}
Definition : (9, 0 - 13, 0 : 140 - 356) : {}
    Identifier : (12, 0 - 12, 11 : 262 - 273) : {}
    Identifier : (12, 14 - 12, 31 : 276 - 293) : {}
    Identifier : (12, 33 - 12, 54 : 295 - 316) : {}
    Identifier : (12, 54 - 12, 61 : 316 - 323) : {}
    Identifier : (12, 63 - 12, 73 : 325 - 335) : {}
    Identifier : (12, 73 - 13, 0 : 335 - 356) : {}
Definition : (13, 0 - 15, 0 : 356 - 392) : {}
    Identifier : (13, 0 - 13, 21 : 356 - 377) : {}
    Identifier : (13, 24 - 15, 0 : 380 - 392) : {}
Definition : (15, 0 - 18, 0 : 392 - 435) : {}
    Identifier : (16, 0 - 16, 18 : 404 - 422) : {}
    Identifier : (16, 21 - 16, 28 : 425 - 432) : {}
Definition : (18, 0 - 24, 0 : 435 - 749) : {}
    Identifier : (23, 0 - 23, 21 : 687 - 708) : {}
    Identifier : (23, 24 - 23, 35 : 711 - 722) : {}
    Identifier : (23, 35 - 23, 49 : 722 - 736) : {}
    Identifier : (23, 51 - 24, 0 : 738 - 749) : {}
Definition : (24, 0 - 25, 0 : 749 - 814) : {}
    Identifier : (24, 0 - 24, 14 : 749 - 763) : {}
    Identifier : (24, 17 - 24, 23 : 766 - 772) : {}
    Identifier : (24, 23 - 24, 28 : 772 - 777) : {}
    Identifier : (24, 28 - 24, 38 : 777 - 787) : {}
    Identifier : (24, 40 - 24, 46 : 789 - 795) : {}
    Identifier : (24, 46 - 24, 56 : 795 - 805) : {}
    Identifier : (24, 59 - 25, 0 : 808 - 814) : {}
Definition : (25, 0 - 27, 0 : 814 - 856) : {}
    Identifier : (25, 0 - 25, 10 : 814 - 824) : {}
    Identifier : (25, 13 - 25, 27 : 827 - 841) : {}
    Identifier : (25, 27 - 27, 0 : 841 - 856) : {}
Definition : (27, 0 - 29, 0 : 856 - 914) : {}
    Identifier : (28, 0 - 28, 11 : 879 - 890) : {}
    Identifier : (28, 14 - 28, 24 : 893 - 903) : {}
    Identifier : (28, 26 - 29, 0 : 905 - 914) : {}
Definition : (29, 0 - 30, 0 : 914 - 954) : {}
    Identifier : (29, 0 - 29, 10 : 914 - 924) : {}
    Identifier : (29, 13 - 29, 22 : 927 - 936) : {}
    Identifier : (29, 23 - 29, 29 : 937 - 943) : {}
    Identifier : (29, 29 - 29, 37 : 943 - 951) : {}
Definition : (30, 0 - 31, 0 : 954 - 999) : {}
    Identifier : (30, 0 - 30, 11 : 954 - 965) : {}
    Identifier : (30, 14 - 30, 28 : 968 - 982) : {}
    Identifier : (30, 30 - 31, 0 : 984 - 999) : {}
Definition : (31, 0 - 32, 0 : 999 - 1027) : {}
    Identifier : (31, 0 - 31, 14 : 999 - 1013) : {}
    Identifier : (31, 17 - 31, 22 : 1016 - 1021) : {}
    Identifier : (31, 22 - 31, 26 : 1021 - 1025) : {}
Definition : (32, 0 - 34, 0 : 1027 - 1051) : {}
    Identifier : (32, 0 - 32, 15 : 1027 - 1042) : {}
    Identifier : (32, 18 - 34, 0 : 1045 - 1051) : {}
Definition : (34, 0 - 39, 0 : 1051 - 1153) : {}
    Identifier : (38, 0 - 38, 5 : 1125 - 1130) : {}
    Identifier : (38, 8 - 38, 19 : 1133 - 1144) : {}
    Identifier : (38, 21 - 39, 0 : 1146 - 1153) : {}
Definition : (39, 0 - 40, 0 : 1153 - 1199) : {}
    Identifier : (39, 0 - 39, 11 : 1153 - 1164) : {}
    Identifier : (39, 14 - 39, 21 : 1167 - 1174) : {}
    Identifier : (39, 21 - 39, 27 : 1174 - 1180) : {}
    Identifier : (39, 27 - 40, 0 : 1180 - 1199) : {}
Definition : (40, 0 - 42, 0 : 1199 - 1248) : {}
    Identifier : (40, 0 - 40, 19 : 1199 - 1218) : {}
    Identifier : (40, 22 - 40, 34 : 1221 - 1233) : {}
    Identifier : (40, 34 - 42, 0 : 1233 - 1248) : {}
Definition : (42, 0 - 51, 0 : 1248 - 1530) : {}
    Identifier : (50, 0 - 50, 10 : 1473 - 1483) : {}
    Identifier : (50, 13 - 50, 23 : 1486 - 1496) : {}
    Identifier : (50, 25 - 50, 35 : 1498 - 1508) : {}
    Identifier : (50, 37 - 50, 48 : 1510 - 1521) : {}
    Identifier : (50, 50 - 51, 0 : 1523 - 1530) : {}
Definition : (51, 0 - 52, 0 : 1530 - 1560) : {}
    Identifier : (51, 0 - 51, 10 : 1530 - 1540) : {}
    Identifier : (51, 13 - 51, 23 : 1543 - 1553) : {}
    Identifier : (51, 23 - 52, 0 : 1553 - 1560) : {}
Definition : (52, 0 - 53, 0 : 1560 - 1592) : {}
    Identifier : (52, 0 - 52, 10 : 1560 - 1570) : {}
    Identifier : (52, 13 - 52, 25 : 1573 - 1585) : {}
    Identifier : (52, 25 - 53, 0 : 1585 - 1592) : {}
Definition : (53, 0 - 56, 0 : 1592 - 1633) : {}
    Identifier : (53, 0 - 53, 11 : 1592 - 1603) : {}
    Identifier : (53, 14 - 53, 32 : 1606 - 1624) : {}
    Identifier : (53, 32 - 56, 0 : 1624 - 1633) : {}
Definition : (56, 0 - 65, 0 : 1633 - 1965) : {}
    Identifier : (64, 0 - 64, 10 : 1886 - 1896) : {}
    Identifier : (64, 13 - 64, 28 : 1899 - 1914) : {}
    Identifier : (64, 30 - 64, 41 : 1916 - 1927) : {}
    Identifier : (64, 43 - 64, 54 : 1929 - 1940) : {}
    Identifier : (64, 56 - 64, 69 : 1942 - 1955) : {}
    Identifier : (64, 71 - 65, 0 : 1957 - 1965) : {}
Definition : (65, 0 - 66, 0 : 1965 - 2000) : {}
    Identifier : (65, 0 - 65, 15 : 1965 - 1980) : {}
    Identifier : (65, 18 - 65, 26 : 1983 - 1991) : {}
    Identifier : (65, 26 - 66, 0 : 1991 - 2000) : {}
Definition : (66, 0 - 67, 0 : 2000 - 2027) : {}
    Identifier : (66, 0 - 66, 11 : 2000 - 2011) : {}
    Identifier : (66, 14 - 66, 22 : 2014 - 2022) : {}
    Identifier : (66, 22 - 67, 0 : 2022 - 2027) : {}
Definition : (67, 0 - 68, 0 : 2027 - 2054) : {}
    Identifier : (67, 0 - 67, 11 : 2027 - 2038) : {}
    Identifier : (67, 14 - 67, 22 : 2041 - 2049) : {}
    Identifier : (67, 22 - 68, 0 : 2049 - 2054) : {}
Definition : (68, 0 - 70, 0 : 2054 - 2089) : {}
    Identifier : (68, 0 - 68, 13 : 2054 - 2067) : {}
    Identifier : (68, 16 - 68, 24 : 2070 - 2078) : {}
    Identifier : (68, 24 - 70, 0 : 2078 - 2089) : {}
Definition : (70, 0 - 72, 0 : 2089 - 2193) : {}
    Identifier : (70, 0 - 70, 10 : 2089 - 2099) : {}
    Identifier : (70, 13 - 70, 23 : 2102 - 2112) : {}
    Identifier : (70, 23 - 70, 33 : 2112 - 2122) : {}
    Identifier : (70, 33 - 70, 39 : 2122 - 2128) : {}
    Identifier : (70, 39 - 70, 49 : 2128 - 2138) : {}
    Identifier : (70, 49 - 71, 11 : 2138 - 2160) : {}
    Identifier : (71, 13 - 71, 23 : 2162 - 2172) : {}
    Identifier : (71, 23 - 71, 33 : 2172 - 2182) : {}
    Identifier : (71, 33 - 72, 0 : 2182 - 2193) : {}
Definition : (72, 0 - 73, 0 : 2193 - 2213) : {}
    Identifier : (72, 0 - 72, 10 : 2193 - 2203) : {}
    Identifier : (72, 13 - 73, 0 : 2206 - 2213) : {}
Definition : (73, 0 - 74, 0 : 2213 - 2233) : {}
    Identifier : (73, 0 - 73, 10 : 2213 - 2223) : {}
    Identifier : (73, 13 - 74, 0 : 2226 - 2233) : {}
Definition : (74, 0 - 76, 0 : 2233 - 2254) : {}
    Identifier : (74, 0 - 74, 10 : 2233 - 2243) : {}
    Identifier : (74, 13 - 76, 0 : 2246 - 2254) : {}
Definition : (76, 0 - 91, 0 : 2254 - 2635) : {}
    Identifier : (83, 0 - 83, 10 : 2432 - 2442) : {}
    Identifier : (83, 13 - 84, 11 : 2445 - 2467) : {}
    Identifier : (84, 13 - 85, 11 : 2469 - 2495) : {}
    Identifier : (85, 13 - 86, 11 : 2497 - 2518) : {}
    Identifier : (86, 13 - 87, 11 : 2520 - 2547) : {}
    Identifier : (87, 13 - 87, 24 : 2549 - 2560) : {}
    Identifier : (87, 25 - 87, 35 : 2561 - 2571) : {}
    Identifier : (87, 36 - 88, 11 : 2572 - 2589) : {}
    Identifier : (88, 13 - 88, 18 : 2591 - 2596) : {}
    Identifier : (88, 18 - 88, 29 : 2596 - 2607) : {}
    Identifier : (88, 29 - 89, 11 : 2607 - 2624) : {}
    Identifier : (89, 13 - 91, 0 : 2626 - 2635) : {}
Definition : (91, 0 - 97, 0 : 2635 - 2901) : {}
    Identifier : (95, 0 - 95, 15 : 2821 - 2836) : {}
    Identifier : (95, 18 - 95, 29 : 2839 - 2850) : {}
    Identifier : (95, 29 - 95, 35 : 2850 - 2856) : {}
    Identifier : (95, 35 - 95, 40 : 2856 - 2861) : {}
    Identifier : (95, 40 - 95, 51 : 2861 - 2872) : {}
    Identifier : (95, 53 - 95, 59 : 2874 - 2880) : {}
    Identifier : (95, 59 - 95, 70 : 2880 - 2891) : {}
    Identifier : (95, 73 - 97, 0 : 2894 - 2901) : {}
Definition : (97, 0 - 102, 0 : 2901 - 3071) : {}
    Identifier : (100, 0 - 100, 16 : 3025 - 3041) : {}
    Identifier : (100, 19 - 100, 31 : 3044 - 3056) : {}
    Identifier : (100, 31 - 102, 0 : 3056 - 3071) : {}
Definition : (105, 0 - 108, 0 : 3130 - 3254) : {}
    Identifier : (106, 0 - 106, 11 : 3156 - 3167) : {}
    Identifier : (106, 14 - 106, 24 : 3170 - 3180) : {}
    Identifier : (106, 26 - 106, 46 : 3182 - 3202) : {}
    Identifier : (106, 48 - 106, 68 : 3204 - 3224) : {}
    Identifier : (106, 70 - 106, 88 : 3226 - 3244) : {}
    Identifier : (106, 88 - 106, 95 : 3244 - 3251) : {}
Definition : (108, 0 - 125, 0 : 3254 - 3976) : {}
    Identifier : (124, 0 - 124, 18 : 3928 - 3946) : {}
    Identifier : (124, 23 - 124, 29 : 3951 - 3957) : {}
Definition : (125, 0 - 126, 0 : 3976 - 4040) : {}
    Identifier : (125, 0 - 125, 11 : 3976 - 3987) : {}
    Identifier : (125, 43 - 125, 53 : 4019 - 4029) : {}
    Identifier : (125, 55 - 125, 62 : 4031 - 4038) : {}
Definition : (126, 0 - 128, 0 : 4040 - 4092) : {}
    Identifier : (126, 0 - 126, 14 : 4040 - 4054) : {}
    Identifier : (126, 42 - 126, 49 : 4082 - 4089) : {}
Definition : (128, 0 - 133, 0 : 4092 - 4267) : {}
    Identifier : (132, 0 - 132, 8 : 4186 - 4194) : {}
    Identifier : (132, 13 - 132, 33 : 4199 - 4219) : {}
    Identifier : (132, 35 - 132, 55 : 4221 - 4241) : {}
    Identifier : (132, 57 - 132, 70 : 4243 - 4256) : {}
    Identifier : (132, 72 - 132, 79 : 4258 - 4265) : {}
Definition : (133, 0 - 134, 0 : 4267 - 4326) : {}
    Identifier : (133, 0 - 133, 20 : 4267 - 4287) : {}
    Identifier : (133, 27 - 133, 55 : 4294 - 4322) : {}
Definition : (134, 0 - 135, 0 : 4326 - 4374) : {}
    Identifier : (134, 0 - 134, 28 : 4326 - 4354) : {}
Definition : (135, 0 - 136, 0 : 4374 - 4433) : {}
    Identifier : (135, 0 - 135, 20 : 4374 - 4394) : {}
    Identifier : (135, 27 - 135, 55 : 4401 - 4429) : {}
Definition : (136, 0 - 137, 0 : 4433 - 4481) : {}
    Identifier : (136, 0 - 136, 28 : 4433 - 4461) : {}
Definition : (137, 0 - 139, 0 : 4481 - 4509) : {}
    Identifier : (137, 0 - 137, 14 : 4481 - 4495) : {}
    Identifier : (137, 17 - 137, 23 : 4498 - 4504) : {}
Definition : (139, 0 - 142, 0 : 4509 - 4549) : {}
    Identifier : (140, 0 - 140, 7 : 4514 - 4521) : {}
    Identifier : (140, 25 - 140, 32 : 4539 - 4546) : {}
Definition : (142, 0 - 145, 0 : 4549 - 4598) : {}
    Identifier : (143, 0 - 143, 10 : 4568 - 4578) : {}
    Identifier : (143, 20 - 143, 27 : 4588 - 4595) : {}
Definition : (145, 0 - 146, 0 : 4598 - 4625) : {}
    Identifier : (145, 0 - 145, 10 : 4598 - 4608) : {}
    Identifier : (145, 18 - 145, 25 : 4616 - 4623) : {}
Definition : (146, 0 - 147, 0 : 4625 - 4647) : {}
    Identifier : (146, 0 - 146, 6 : 4625 - 4631) : {}
    Identifier : (146, 13 - 146, 20 : 4638 - 4645) : {}
Definition : (147, 0 - 148, 0 : 4647 - 4673) : {}
    Identifier : (147, 0 - 147, 10 : 4647 - 4657) : {}
    Identifier : (147, 17 - 147, 24 : 4664 - 4671) : {}
Definition : (148, 0 - 149, 0 : 4673 - 4701) : {}
    Identifier : (148, 0 - 148, 12 : 4673 - 4685) : {}
    Identifier : (148, 19 - 148, 26 : 4692 - 4699) : {}
Definition : (149, 0 - 151, 0 : 4701 - 4737) : {}
    Identifier : (149, 0 - 149, 18 : 4701 - 4719) : {}
    Identifier : (149, 26 - 149, 33 : 4727 - 4734) : {}
Definition : (151, 0 - 152, 0 : 4737 - 4762) : {}
    Identifier : (151, 0 - 151, 9 : 4737 - 4746) : {}
    Identifier : (151, 16 - 151, 23 : 4753 - 4760) : {}
Definition : (152, 0 - 153, 0 : 4762 - 4783) : {}
    Identifier : (152, 0 - 152, 5 : 4762 - 4767) : {}
    Identifier : (152, 12 - 152, 19 : 4774 - 4781) : {}
Definition : (153, 0 - 154, 0 : 4783 - 4804) : {}
    Identifier : (153, 0 - 153, 5 : 4783 - 4788) : {}
    Identifier : (153, 12 - 153, 19 : 4795 - 4802) : {}
Definition : (154, 0 - 155, 0 : 4804 - 4825) : {}
    Identifier : (154, 0 - 154, 5 : 4804 - 4809) : {}
    Identifier : (154, 12 - 154, 19 : 4816 - 4823) : {}
Definition : (155, 0 - 156, 0 : 4825 - 4847) : {}
    Identifier : (155, 0 - 155, 6 : 4825 - 4831) : {}
    Identifier : (155, 13 - 155, 20 : 4838 - 4845) : {}
Definition : (156, 0 - 157, 0 : 4847 - 4874) : {}
    Identifier : (156, 0 - 156, 10 : 4847 - 4857) : {}
    Identifier : (156, 18 - 156, 25 : 4865 - 4872) : {}
Definition : (157, 0 - 158, 0 : 4874 - 4901) : {}
    Identifier : (157, 0 - 157, 11 : 4874 - 4885) : {}
    Identifier : (157, 18 - 157, 25 : 4892 - 4899) : {}
Definition : (158, 0 - 159, 0 : 4901 - 4923) : {}
    Identifier : (158, 0 - 158, 6 : 4901 - 4907) : {}
    Identifier : (158, 13 - 158, 20 : 4914 - 4921) : {}
Definition : (159, 0 - 160, 0 : 4923 - 4945) : {}
    Identifier : (159, 0 - 159, 6 : 4923 - 4929) : {}
    Identifier : (159, 13 - 159, 20 : 4936 - 4943) : {}
Definition : (160, 0 - 161, 0 : 4945 - 4966) : {}
    Identifier : (160, 0 - 160, 14 : 4945 - 4959) : {}
Definition : (161, 0 - 162, 0 : 4966 - 4985) : {}
    Identifier : (161, 0 - 161, 12 : 4966 - 4978) : {}
Definition : (162, 0 - 163, 0 : 4985 - 5007) : {}
    Identifier : (162, 0 - 162, 6 : 4985 - 4991) : {}
    Identifier : (162, 13 - 162, 20 : 4998 - 5005) : {}
Definition : (163, 0 - 165, 0 : 5007 - 5025) : {}
    Identifier : (163, 0 - 163, 10 : 5007 - 5017) : {}
Definition : (165, 0 - 167, 0 : 5025 - 5044) : {}
    Identifier : (165, 0 - 165, 8 : 5025 - 5033) : {}
    Identifier : (165, 11 - 165, 16 : 5036 - 5041) : {}
Definition : (167, 0 - 168, 0 : 5044 - 5081) : {}
    Identifier : (167, 0 - 167, 8 : 5044 - 5052) : {}
    Identifier : (167, 27 - 168, 0 : 5071 - 5081) : {}
Definition : (168, 0 - 170, 0 : 5081 - 5114) : {}
    Identifier : (168, 0 - 168, 6 : 5081 - 5087) : {}
    Identifier : (168, 22 - 170, 0 : 5103 - 5114) : {}
Definition : (170, 0 - 171, 1 : 5114 - 5142) : {}
    Identifier : (170, 0 - 170, 10 : 5114 - 5124) : {}
