Actions : (Ln 1, Col 0)
    ActionDefinition : (Ln 1, Col 0)
        Selector : (Ln 1, Col 0)
            Descendants : (Ln 1, Col 0)
                Conditions : (Ln 1, Col 0)
                    Identifier : (Ln 1, Col 0)
                        @Tarminal : (Ln 1, Col 0) "Family"
            Children : (Ln 1, Col 7)
                Conditions : (Ln 1, Col 9)
                    Identifier : (Ln 1, Col 9)
                        @Tarminal : (Ln 1, Col 9) "Name"
        Action : (Ln 1, Col 15)
            Substitution : (Ln 1, Col 15)
                Variable : (Ln 1, Col 15)
                    TargetValue : (Ln 1, Col 15)
                        ParameterName : (Ln 1, Col 17)
                            @Tarminal : (Ln 1, Col 17) "familyname"
                Value : (Ln 1, Col 30)
                    ThisString : (Ln 1, Col 30)
                        TypeDictionary : (Ln 1, Col 43)
                            TypeDictItems : (Ln 1, Col 44)
                                TypeItem : (Ln 1, Col 44)
                                    Identifier : (Ln 1, Col 44)
                                        @Tarminal : (Ln 1, Col 44) "Spacing"
                                    TypeValueString : (Ln 1, Col 54)
                                        Literal : (Ln 1, Col 54)
                                            DoubleQuotesLiteral : (Ln 1, Col 54)
                                                @Tarminal : (Ln 1, Col 54) """
                                                @Tarminal : (Ln 1, Col 55) ""
                                                @Tarminal : (Ln 1, Col 55) """
    ActionDefinition : (Ln 2, Col 0)
        Selector : (Ln 2, Col 0)
            Descendants : (Ln 2, Col 0)
                Conditions : (Ln 2, Col 0)
                    Identifier : (Ln 2, Col 0)
                        @Tarminal : (Ln 2, Col 0) "Person"
            Children : (Ln 2, Col 7)
                Conditions : (Ln 2, Col 9)
                    Identifier : (Ln 2, Col 9)
                        @Tarminal : (Ln 2, Col 9) "Name"
        Action : (Ln 2, Col 15)
            Substitution : (Ln 2, Col 15)
                Variable : (Ln 2, Col 15)
                    TargetValue : (Ln 2, Col 15)
                        ParameterName : (Ln 2, Col 17)
                            @Tarminal : (Ln 2, Col 17) "name"
                Value : (Ln 2, Col 24)
                    ThisString : (Ln 2, Col 24)
                        TypeDictionary : (Ln 2, Col 37)
                            TypeDictItems : (Ln 3, Col 2)
                                TypeItem : (Ln 3, Col 2)
                                    Identifier : (Ln 3, Col 2)
                                        @Tarminal : (Ln 3, Col 2) "Spacing"
                                    TypeValueString : (Ln 3, Col 12)
                                        Literal : (Ln 3, Col 12)
                                            DoubleQuotesLiteral : (Ln 3, Col 12)
                                                @Tarminal : (Ln 3, Col 12) """
                                                @Tarminal : (Ln 3, Col 13) ""
                                                @Tarminal : (Ln 3, Col 13) """
                                TypeItem : (Ln 4, Col 3)
                                    Identifier : (Ln 4, Col 3)
                                        @Tarminal : (Ln 4, Col 3) "Tab"
                                    TypeValueString : (Ln 4, Col 9)
                                        Literal : (Ln 4, Col 9)
                                            DoubleQuotesLiteral : (Ln 4, Col 9)
                                                @Tarminal : (Ln 4, Col 9) """
                                                @Tarminal : (Ln 4, Col 10) "\t\t\n"
                                                @Tarminal : (Ln 4, Col 16) """
    ActionDefinition : (Ln 5, Col 0)
        Selector : (Ln 5, Col 0)
            Descendants : (Ln 5, Col 0)
                Conditions : (Ln 5, Col 0)
                    Identifier : (Ln 5, Col 0)
                        @Tarminal : (Ln 5, Col 0) "Person"
            Children : (Ln 5, Col 7)
                Conditions : (Ln 5, Col 9)
                    Identifier : (Ln 5, Col 9)
                        @Tarminal : (Ln 5, Col 9) "Age"
        Action : (Ln 5, Col 14)
            Substitution : (Ln 5, Col 14)
                Variable : (Ln 5, Col 14)
                    TargetValue : (Ln 5, Col 14)
                        ParameterName : (Ln 5, Col 16)
                            @Tarminal : (Ln 5, Col 16) "age"
                Value : (Ln 5, Col 22)
                    ThisString : (Ln 5, Col 22)
                        TypeDictionary : (Ln 5, Col 35)
                            TypeDictItems : (Ln 5, Col 37)
                                TypeItem : (Ln 5, Col 37)
                                    Identifier : (Ln 5, Col 37)
                                        @Tarminal : (Ln 5, Col 37) "Nodetype"
                                    TypeValueString : (Ln 5, Col 48)
                                        Literal : (Ln 5, Col 48)
                                            DoubleQuotesLiteral : (Ln 5, Col 48)
                                                @Tarminal : (Ln 5, Col 48) """
                                                @Tarminal : (Ln 5, Col 49) "aaaaabbbb日本語"
                                                @Tarminal : (Ln 5, Col 61) """
    _EOF : (Ln 6, Col 8)
