Actions : (Ln 1, Col 0)
    ActionDefinition : (Ln 1, Col 0)
        Selector : (Ln 1, Col 0)
            Descendants : (Ln 1, Col 0)
                Conditions : (Ln 1, Col 0)
                    Identifier : (Ln 1, Col 0)
                        @Tarminal : (Ln 1, Col 0) "Family"
            Children : (Ln 1, Col 7)
                Conditions : (Ln 1, Col 9)
                    Identifier : (Ln 1, Col 9)
                        @Tarminal : (Ln 1, Col 9) "FamilyName"
        Action : (Ln 1, Col 21)
            Substitution : (Ln 1, Col 21)
                Variable : (Ln 1, Col 21)
                    TargetValue : (Ln 1, Col 21)
                        ParameterName : (Ln 1, Col 23)
                            @Tarminal : (Ln 1, Col 23) "familyname"
                Value : (Ln 1, Col 36)
                    ThisString : (Ln 1, Col 36)
    ActionDefinition : (Ln 2, Col 0)
        Selector : (Ln 2, Col 0)
            Descendants : (Ln 2, Col 0)
                Conditions : (Ln 2, Col 0)
                    Identifier : (Ln 2, Col 0)
                        @Tarminal : (Ln 2, Col 0) "Person"
            Children : (Ln 2, Col 7)
                Conditions : (Ln 2, Col 9)
                    Identifier : (Ln 2, Col 9)
                        @Tarminal : (Ln 2, Col 9) "Name"
        Action : (Ln 2, Col 15)
            Substitution : (Ln 2, Col 15)
                Variable : (Ln 2, Col 15)
                    TargetValue : (Ln 2, Col 15)
                        ParameterName : (Ln 2, Col 17)
                            @Tarminal : (Ln 2, Col 17) "name"
                Value : (Ln 2, Col 24)
                    ThisString : (Ln 2, Col 24)
    ActionDefinition : (Ln 3, Col 0)
        Selector : (Ln 3, Col 0)
            Descendants : (Ln 3, Col 0)
                Conditions : (Ln 3, Col 0)
                    Identifier : (Ln 3, Col 0)
                        @Tarminal : (Ln 3, Col 0) "Person"
            Children : (Ln 3, Col 7)
                Conditions : (Ln 3, Col 9)
                    Identifier : (Ln 3, Col 9)
                        @Tarminal : (Ln 3, Col 9) "Age"
        Action : (Ln 3, Col 14)
            Substitution : (Ln 3, Col 14)
                Variable : (Ln 3, Col 14)
                    TargetValue : (Ln 3, Col 14)
                        ParameterName : (Ln 3, Col 16)
                            @Tarminal : (Ln 3, Col 16) "age"
                Value : (Ln 3, Col 22)
                    ThisString : (Ln 3, Col 22)
    ActionDefinition : (Ln 4, Col 0)
        Selector : (Ln 4, Col 0)
            Descendants : (Ln 4, Col 0)
                Conditions : (Ln 4, Col 0)
                    Identifier : (Ln 4, Col 0)
                        @Tarminal : (Ln 4, Col 0) "Person"
            Children : (Ln 4, Col 7)
                Conditions : (Ln 4, Col 9)
                    Identifier : (Ln 4, Col 9)
                        @Tarminal : (Ln 4, Col 9) "Sex"
            Descendants : (Ln 4, Col 13)
                Conditions : (Ln 4, Col 16)
                    Identifier : (Ln 4, Col 16)
                        @Tarminal : (Ln 4, Col 16) "Male"
        Action : (Ln 4, Col 22)
            Substitution : (Ln 4, Col 22)
                Variable : (Ln 4, Col 22)
                    TargetValue : (Ln 4, Col 22)
                        ParameterName : (Ln 4, Col 24)
                            @Tarminal : (Ln 4, Col 24) "sex"
                Value : (Ln 4, Col 30)
                    Literal : (Ln 4, Col 30)
                        DoubleQuotesLiteral : (Ln 4, Col 30)
                            @Tarminal : (Ln 4, Col 30) """
                            @Tarminal : (Ln 4, Col 31) "M"
                            @Tarminal : (Ln 4, Col 32) """
    ActionDefinition : (Ln 5, Col 0)
        Selector : (Ln 5, Col 0)
            Descendants : (Ln 5, Col 0)
                Conditions : (Ln 5, Col 0)
                    Identifier : (Ln 5, Col 0)
                        @Tarminal : (Ln 5, Col 0) "Person"
            Children : (Ln 5, Col 7)
                Conditions : (Ln 5, Col 9)
                    Identifier : (Ln 5, Col 9)
                        @Tarminal : (Ln 5, Col 9) "Sex"
            Descendants : (Ln 5, Col 13)
                Conditions : (Ln 5, Col 16)
                    Identifier : (Ln 5, Col 16)
                        @Tarminal : (Ln 5, Col 16) "Female"
        Action : (Ln 5, Col 24)
            Substitution : (Ln 5, Col 24)
                Variable : (Ln 5, Col 24)
                    TargetValue : (Ln 5, Col 24)
                        ParameterName : (Ln 5, Col 26)
                            @Tarminal : (Ln 5, Col 26) "sex"
                Value : (Ln 5, Col 32)
                    Literal : (Ln 5, Col 32)
                        DoubleQuotesLiteral : (Ln 5, Col 32)
                            @Tarminal : (Ln 5, Col 32) """
                            @Tarminal : (Ln 5, Col 33) "F"
                            @Tarminal : (Ln 5, Col 34) """
    _EOF : (Ln 5, Col 37)
