Main : (Ln 1, Col 0)
    Hoge : (Ln 1, Col 0)
        @Tarminal : (Ln 1, Col 0) "hoge"
        Spacing : (Ln 1, Col 4)
            @Tarminal : (Ln 1, Col 4) " "
    Any : (Ln 1, Col 5)
        FooFoo : (Ln 1, Col 5)
            @Tarminal : (Ln 1, Col 5) "FooFoo"
            Spacing : (Ln 1, Col 11)
                @Tarminal : (Ln 1, Col 11) " "
        BarBar : (Ln 1, Col 12)
            @Tarminal : (Ln 1, Col 12) "BarBar"
            Spacing : (Ln 1, Col 18)
                @Tarminal : (Ln 1, Col 18) " "
        Foo : (Ln 1, Col 19)
            @Tarminal : (Ln 1, Col 19) "Foo"
        BazBaz : (Ln 1, Col 22)
            @Tarminal : (Ln 1, Col 22) "BazBaz"
            Spacing : (Ln 1, Col 28)
                @Tarminal : (Ln 1, Col 28) " "
        Qux : (Ln 1, Col 29)
            @Tarminal : (Ln 1, Col 29) "Qux"
            Spacing : (Ln 1, Col 32)
                @Tarminal : (Ln 1, Col 32) " "
        QuxQux : (Ln 1, Col 33)
            @Tarminal : (Ln 1, Col 33) "QuxQux"
            Spacing : (Ln 1, Col 39)
                @Tarminal : (Ln 1, Col 39) " "
    Hoge : (Ln 1, Col 40)
        @Tarminal : (Ln 1, Col 40) "hoge"
