0 : Main : (Ln 0, Col 0)
    1 : Hoge : (Ln 1, Col 0)
        @Tarminal : (Ln 1, Col 0) "hoge"
        0 : Spacing : (Ln 1, Col 4)
            @Tarminal : (Ln 1, Col 4) " "
    0 : Any : (Ln 0, Col 0)
        1 : FooFoo : (Ln 1, Col 5)
            @Tarminal : (Ln 1, Col 5) "FooFoo"
            0 : Spacing : (Ln 1, Col 11)
                @Tarminal : (Ln 1, Col 11) " "
        3 : BarBar : (Ln 1, Col 12)
            @Tarminal : (Ln 1, Col 12) "BarBar"
            2 : Spacing : (Ln 1, Col 18)
                @Tarminal : (Ln 1, Col 18) " "
        4 : Foo : (Ln 1, Col 19)
            @Tarminal : (Ln 1, Col 19) "Foo"
        6 : BazBaz : (Ln 1, Col 22)
            @Tarminal : (Ln 1, Col 22) "BazBaz"
            5 : Spacing : (Ln 1, Col 28)
                @Tarminal : (Ln 1, Col 28) " "
        8 : Qux : (Ln 1, Col 29)
            @Tarminal : (Ln 1, Col 29) "Qux"
            7 : Spacing : (Ln 1, Col 32)
                @Tarminal : (Ln 1, Col 32) " "
        10 : QuxQux : (Ln 1, Col 33)
            @Tarminal : (Ln 1, Col 33) "QuxQux"
            9 : Spacing : (Ln 1, Col 39)
                @Tarminal : (Ln 1, Col 39) " "
    18 : Hoge : (Ln 1, Col 40)
        @Tarminal : (Ln 1, Col 40) "hoge"
