0 : Subdef02 : (Ln 0, Col 0)
    0 : Comment : (Ln 1, Col 0)
        @Tarminal : (Ln 1, Col 0) "# comment test"
    0 : Other : (Ln 0, Col 0)
        0 : Spacing : (Ln 1, Col 14)
            @Tarminal : (Ln 1, Col 14) "
"
    2 : Comment : (Ln 2, Col 0)
        @Tarminal : (Ln 2, Col 0) "# コメントテスト"
    0 : Other : (Ln 0, Col 0)
        1 : Spacing : (Ln 2, Col 9)
            @Tarminal : (Ln 2, Col 9) "
"
    4 : Literal : (Ln 3, Col 0)
        @Tarminal : (Ln 3, Col 0) ""リテラル""
    0 : Other : (Ln 0, Col 0)
        2 : Spacing : (Ln 3, Col 6)
            @Tarminal : (Ln 3, Col 6) " "
    6 : Comment : (Ln 3, Col 7)
        @Tarminal : (Ln 3, Col 7) "# コメント"
    @Failure : (Ln 0, Col 0) "Parse failed! ( maxposition is line:5 column:15 @[再])"
    8 : Comment : (Ln 5, Col 21)
        @Tarminal : (Ln 5, Col 21) "# comment "literal in comment " # hoge"
    0 : Other : (Ln 0, Col 0)
        10 : Spacing : (Ln 5, Col 59)
            @Tarminal : (Ln 5, Col 59) "
"
        11 : Word : (Ln 6, Col 0)
            @Tarminal : (Ln 6, Col 0) "a.b.c.d"
        12 : Spacing : (Ln 6, Col 7)
            @Tarminal : (Ln 6, Col 7) "  "
        13 : Word : (Ln 6, Col 9)
            @Tarminal : (Ln 6, Col 9) "hoge"
        14 : Spacing : (Ln 6, Col 13)
            @Tarminal : (Ln 6, Col 13) "
"
    10 : Literal : (Ln 7, Col 0)
        @Tarminal : (Ln 7, Col 0) ""literal #not comment""
    0 : Other : (Ln 0, Col 0)
        15 : Spacing : (Ln 7, Col 22)
            @Tarminal : (Ln 7, Col 22) " "
        16 : Word : (Ln 7, Col 23)
            @Tarminal : (Ln 7, Col 23) "not"
        17 : Spacing : (Ln 7, Col 26)
            @Tarminal : (Ln 7, Col 26) " "
        18 : Word : (Ln 7, Col 27)
            @Tarminal : (Ln 7, Col 27) "comment"
        19 : Spacing : (Ln 7, Col 34)
            @Tarminal : (Ln 7, Col 34) " "
    12 : Comment : (Ln 7, Col 35)
        @Tarminal : (Ln 7, Col 35) "#comment """
    @Failure : (Ln 0, Col 0) "Parse failed! ( maxposition is line:9 column:12 @[再])"
